-- summary --
CallHierarchyCount = 0
CodeLensCount = 4
CompletionsCount = 36
CompletionSnippetCount = 12
UnimportedCompletionsCount = 8
DeepCompletionsCount = 0
FuzzyCompletionsCount = 1
RankedCompletionsCount = 15
CaseSensitiveCompletionsCount = 0
DiagnosticsCount = 0
FoldingRangesCount = 0
SemanticTokenCount = 0
SuggestedFixCount = 0
MethodExtractionCount = 0
DefinitionsCount = 33
TypeDefinitionsCount = 2
HighlightsCount = 0
InlayHintsCount = 0
RenamesCount = 0
PrepareRenamesCount = 0
SignaturesCount = 47
LinksCount = 0
SelectionRangesCount = 0

