-- Add__0-hoverdef --
```go
func (*N).Add__0(a int)
```
-- Add__1-hoverdef --
```go
func (*N).Add__1(a ...string)
```
-- Demo__0-hoverdef --
```go
func Demo__0()
```

[`main.Demo__0` on pkg.go.dev](https://pkg.go.dev/golang.org/lsptests/overload#Demo__0)
-- Demo__1-hoverdef --
```go
func Demo__1(n int) int
```

[`main.Demo__1` on pkg.go.dev](https://pkg.go.dev/golang.org/lsptests/overload#Demo__1)
-- Demo__2-hoverdef --
```go
func Demo__2(n1 int, n2 int)
```

[`main.Demo__2` on pkg.go.dev](https://pkg.go.dev/golang.org/lsptests/overload#Demo__2)
-- Demo__3-hoverdef --
```go
func Demo__3(s ...string)
```

[`main.Demo__3` on pkg.go.dev](https://pkg.go.dev/golang.org/lsptests/overload#Demo__3)
-- a_add__0-hoverdef --
```go
func (*a.N).Add__0(a int)
```

[`(a.N).Add__0` on pkg.go.dev](https://pkg.go.dev/golang.org/lsptests/overload/a#N.Add__0)
-- a_add__1-hoverdef --
```go
func (*a.N).Add__1(a ...string)
```

[`(a.N).Add__1` on pkg.go.dev](https://pkg.go.dev/golang.org/lsptests/overload/a#N.Add__1)
-- a_demo__0-hoverdef --
```go
func a.Demo__0()
```

[`a.Demo__0` on pkg.go.dev](https://pkg.go.dev/golang.org/lsptests/overload/a#Demo__0)
-- a_demo__1-hoverdef --
```go
func a.Demo__1(n int) int
```

[`a.Demo__1` on pkg.go.dev](https://pkg.go.dev/golang.org/lsptests/overload/a#Demo__1)
-- a_demo__2-hoverdef --
```go
func a.Demo__2(n1 int, n2 int)
```

[`a.Demo__2` on pkg.go.dev](https://pkg.go.dev/golang.org/lsptests/overload/a#Demo__2)
-- a_demo__3-hoverdef --
```go
func a.Demo__3(s ...string)
```

[`a.Demo__3` on pkg.go.dev](https://pkg.go.dev/golang.org/lsptests/overload/a#Demo__3)
-- addFloat-hoverdef --
```go
func addFloat(n1 float64, n2 float64, n3 float64) float64
```
-- addInt-hoverdef --
```go
func addInt(n1 int, n2 int) int
```
-- addString-hoverdef --
```go
func addString(s ...string) string
```
-- b_add__0-hoverdef --
```go
func (*b.N).Add__0(a int)
```

[`(b.N).Add__0` on pkg.go.dev](https://pkg.go.dev/golang.org/lsptests/overload/b#N.Add__0)
-- b_add__1-hoverdef --
```go
func (*b.N).Add__1(a ...string)
```

[`(b.N).Add__1` on pkg.go.dev](https://pkg.go.dev/golang.org/lsptests/overload/b#N.Add__1)
-- b_demo__0-hoverdef --
```go
func b.Demo__0()
```

[`b.Demo__0` on pkg.go.dev](https://pkg.go.dev/golang.org/lsptests/overload/b#Demo__0)
-- b_demo__1-hoverdef --
```go
func b.Demo__1(n int) int
```

[`b.Demo__1` on pkg.go.dev](https://pkg.go.dev/golang.org/lsptests/overload/b#Demo__1)
-- b_demo__2-hoverdef --
```go
func b.Demo__2(n1 int, n2 int)
```

[`b.Demo__2` on pkg.go.dev](https://pkg.go.dev/golang.org/lsptests/overload/b#Demo__2)
-- b_demo__3-hoverdef --
```go
func b.Demo__3(s ...string)
```

[`b.Demo__3` on pkg.go.dev](https://pkg.go.dev/golang.org/lsptests/overload/b#Demo__3)
-- b_gopdemo-hoverdef --
```go
func b.GopDemo()
```

[`b.GopDemo` on pkg.go.dev](https://pkg.go.dev/golang.org/lsptests/overload/b#GopDemo)
-- m_addFloat-hoverdef --
```go
func (*M).addFloat(n1 float64, n2 float64, n3 float64) float64
```
-- m_addInt-hoverdef --
```go
func (*M).addInt(n1 int, n2 int) int
```
-- m_addString-hoverdef --
```go
func (*M).addString(s ...string) string
```
