-- Add__0-hoverdef --
```go
func (*N).Add__0(a int)
```
-- Add__1-hoverdef --
```go
func (*N).Add__1(a ...string)
```
-- Demo__0-hoverdef --
```go
func Demo__0()
```

[`main.Demo__0` on pkg.go.dev](https://pkg.go.dev/golang.org/lsptests/overload#Demo__0)
-- Demo__1-hoverdef --
```go
func Demo__1(n int) int
```

[`main.Demo__1` on pkg.go.dev](https://pkg.go.dev/golang.org/lsptests/overload#Demo__1)
-- Demo__2-hoverdef --
```go
func Demo__2(n1 int, n2 int)
```

[`main.Demo__2` on pkg.go.dev](https://pkg.go.dev/golang.org/lsptests/overload#Demo__2)
-- Demo__3-hoverdef --
```go
func Demo__3(s ...string)
```

[`main.Demo__3` on pkg.go.dev](https://pkg.go.dev/golang.org/lsptests/overload#Demo__3)
-- a_add__0-hoverdef --
```go
func (*a.N).Add__0(a int)
```

[`(a.N).Add__0` on pkg.go.dev](https://pkg.go.dev/golang.org/lsptests/overload/a#N.Add__0)
-- a_add__1-hoverdef --
```go
func (*a.N).Add__1(a ...string)
```

[`(a.N).Add__1` on pkg.go.dev](https://pkg.go.dev/golang.org/lsptests/overload/a#N.Add__1)
-- a_demo__0-hoverdef --
```go
func a.Demo__0()
```

[`a.Demo__0` on pkg.go.dev](https://pkg.go.dev/golang.org/lsptests/overload/a#Demo__0)
-- a_demo__1-hoverdef --
```go
func a.Demo__1(n int) int
```

[`a.Demo__1` on pkg.go.dev](https://pkg.go.dev/golang.org/lsptests/overload/a#Demo__1)
-- a_demo__2-hoverdef --
```go
func a.Demo__2(n1 int, n2 int)
```

[`a.Demo__2` on pkg.go.dev](https://pkg.go.dev/golang.org/lsptests/overload/a#Demo__2)
-- a_demo__3-hoverdef --
```go
func a.Demo__3(s ...string)
```

[`a.Demo__3` on pkg.go.dev](https://pkg.go.dev/golang.org/lsptests/overload/a#Demo__3)
-- b_add__0-hoverdef --
```go
func (*b.N).Add__0(a int)
```

[`(b.N).Add__0` on pkg.go.dev](https://pkg.go.dev/golang.org/lsptests/overload/b#N.Add__0)
-- b_add__1-hoverdef --
```go
func (*b.N).Add__1(a ...string)
```

[`(b.N).Add__1` on pkg.go.dev](https://pkg.go.dev/golang.org/lsptests/overload/b#N.Add__1)
-- b_demo__0-hoverdef --
```go
func b.Demo__0()
```

[`b.Demo__0` on pkg.go.dev](https://pkg.go.dev/golang.org/lsptests/overload/b#Demo__0)
-- b_demo__1-hoverdef --
```go
func b.Demo__1(n int) int
```

[`b.Demo__1` on pkg.go.dev](https://pkg.go.dev/golang.org/lsptests/overload/b#Demo__1)
-- b_demo__2-hoverdef --
```go
func b.Demo__2(n1 int, n2 int)
```

[`b.Demo__2` on pkg.go.dev](https://pkg.go.dev/golang.org/lsptests/overload/b#Demo__2)
-- b_demo__3-hoverdef --
```go
func b.Demo__3(s ...string)
```

[`b.Demo__3` on pkg.go.dev](https://pkg.go.dev/golang.org/lsptests/overload/b#Demo__3)
-- b_gopdemo-hoverdef --
```go
func b.GopDemo()
```

[`b.GopDemo` on pkg.go.dev](https://pkg.go.dev/golang.org/lsptests/overload/b#GopDemo)
-- c_add-hoverdef --
```go
func c.Add__1(a string, b string) string
```

[`c.Add__1` on pkg.go.dev](https://pkg.go.dev/golang.org/lsptests/overload/c#Add__1)
-- c_add__0-hoverdef --
```go
func c.Add__0(a int, b int) int
```

[`c.Add__0` on pkg.go.dev](https://pkg.go.dev/golang.org/lsptests/overload/c#Add__0)
-- c_foo_mulFoo-hoverdef --
```go
func (*c.Foo).MulFoo(b *c.Foo) *c.Foo
```

[`(c.Foo).MulFoo` on pkg.go.dev](https://pkg.go.dev/golang.org/lsptests/overload/c#Foo.MulFoo)
-- c_foo_mulInt-hoverdef --
```go
func (*c.Foo).MulInt(b int) *c.Foo
```

[`(c.Foo).MulInt` on pkg.go.dev](https://pkg.go.dev/golang.org/lsptests/overload/c#Foo.MulInt)
-- c_foo_mul__0-hoverdef --
```go
func (*c.Foo).MulInt(b int) *c.Foo
```

[`(c.Foo).MulInt` on pkg.go.dev](https://pkg.go.dev/golang.org/lsptests/overload/c#Foo.MulInt)
-- c_foo_mul__1-hoverdef --
```go
func (*c.Foo).MulFoo(b *c.Foo) *c.Foo
```

[`(c.Foo).MulFoo` on pkg.go.dev](https://pkg.go.dev/golang.org/lsptests/overload/c#Foo.MulFoo)
-- c_mulFloat-hoverdef --
```go
func c.MulFloat(a float64, b float64) float64
```

[`c.MulFloat` on pkg.go.dev](https://pkg.go.dev/golang.org/lsptests/overload/c#MulFloat)
-- c_mulInt-hoverdef --
```go
func c.MulInt(a int, b int) int
```

[`c.MulInt` on pkg.go.dev](https://pkg.go.dev/golang.org/lsptests/overload/c#MulInt)
-- c_mul__0-hoverdef --
```go
func c.MulInt(a int, b int) int
```

[`c.MulInt` on pkg.go.dev](https://pkg.go.dev/golang.org/lsptests/overload/c#MulInt)
-- c_mul__1-hoverdef --
```go
func c.MulFloat(a float64, b float64) float64
```

[`c.MulFloat` on pkg.go.dev](https://pkg.go.dev/golang.org/lsptests/overload/c#MulFloat)
-- d_add__0-hoverdef --
```go
func d.Add__0(a int, b int) int
```

[`d.Add__0` on pkg.go.dev](https://pkg.go.dev/golang.org/lsptests/overload/d#Add__0)
-- d_add__1-hoverdef --
```go
func d.Add__1(a string, b string) string
```

[`d.Add__1` on pkg.go.dev](https://pkg.go.dev/golang.org/lsptests/overload/d#Add__1)
-- d_foo_mulFoo-hoverdef --
```go
func (*d.Foo).MulFoo(b *d.Foo) *d.Foo
```

[`(d.Foo).MulFoo` on pkg.go.dev](https://pkg.go.dev/golang.org/lsptests/overload/d#Foo.MulFoo)
-- d_foo_mulInt-hoverdef --
```go
func (*d.Foo).MulInt(b int) *d.Foo
```

[`(d.Foo).MulInt` on pkg.go.dev](https://pkg.go.dev/golang.org/lsptests/overload/d#Foo.MulInt)
-- d_mulFloat-hoverdef --
```go
func d.MulFloat(a float64, b float64) float64
```

[`d.MulFloat` on pkg.go.dev](https://pkg.go.dev/golang.org/lsptests/overload/d#MulFloat)
-- d_mulInt-hoverdef --
```go
func d.MulInt(a int, b int) int
```

[`d.MulInt` on pkg.go.dev](https://pkg.go.dev/golang.org/lsptests/overload/d#MulInt)
-- pkg_add__0-hoverdef --
```go
func (*pkg.N).Add__0(a int)
```

[`(pkg.N).Add__0` on pkg.go.dev](https://pkg.go.dev/golang.org/lsptests/overload/pkg#N.Add__0)
-- pkg_add__1-hoverdef --
```go
func (*pkg.N).Add__1(a ...string)
```

[`(pkg.N).Add__1` on pkg.go.dev](https://pkg.go.dev/golang.org/lsptests/overload/pkg#N.Add__1)
-- pkg_demo__0-hoverdef --
```go
func pkg.Demo__0()
```

[`pkg.Demo__0` on pkg.go.dev](https://pkg.go.dev/golang.org/lsptests/overload/pkg#Demo__0)
-- pkg_demo__1-hoverdef --
```go
func pkg.Demo__1(n int) int
```

[`pkg.Demo__1` on pkg.go.dev](https://pkg.go.dev/golang.org/lsptests/overload/pkg#Demo__1)
-- pkg_demo__3-hoverdef --
```go
func pkg.Demo__3(s ...string)
```

[`pkg.Demo__3` on pkg.go.dev](https://pkg.go.dev/golang.org/lsptests/overload/pkg#Demo__3)
